Microchip MPLAB XC8 Compiler V2.41

Linker command line:

-W-3 \
  --edf=C:\Program Files\Microchip\xc8\v2.41\pic\dat\20230208172133_en.msgs \
  -cn -h+dist/default/production\Black_Box_MC_Project.X.production.sym \
  --cmf=dist/default/production\Black_Box_MC_Project.X.production.cmf -z \
  -Q18F4580 -oC:\Users\HP\AppData\Local\Temp\xcAs7us.\driver_tmp_3.o \
  --defsym=__MPLAB_BUILD=1 --fixupoverflow=error \
  -Mdist/default/production/Black_Box_MC_Project.X.production.map \
  --md=C:\Users\HP\AppData\Local\Temp\xcAs7us.\driver_tmp_0.dat -E1 \
  -ver=XC8 Compiler --acfsm=1493 -ACODE=00h-03000h -ACONST=00h-03000h \
  -ASMALLCONST=0600h-06FFhx42,03000h-03000h -AMEDIUMCONST=0600h-03000h \
  -ACOMRAM=01h-05Fh -AABS1=00h-05FFh -ABIGRAM=01h-05FFh \
  -ARAM=060h-0FFh,0100h-01FFhx5 -ABANK0=060h-0FFh -ABANK1=0100h-01FFh \
  -ABANK2=0200h-02FFh -ABANK3=0300h-03FFh -ABANK4=0400h-04FFh \
  -ABANK5=0500h-05FFh -ASFR=0D00h-0DFFhx2,0F00h-0F5Fh,0F60h-0FFFh \
  -ABIGSFR=0D00h-0FFFh -ACONFIG=0300000h-030000Dh -AIDLOC=0200000h-0200007h \
  -AEEDATA=0F00000h-0F000FFh -peeprom_data=EEDATA \
  -preset_vec=00h,intcode=08h,intcodelo,powerup,init -pramtop=0600h \
  -psmallconst=SMALLCONST -pmediumconst=MEDIUMCONST -pconst=CONST \
  -AFARRAM=00h-00h \
  -prdata=COMRAM,nvrram=COMRAM,nvbit=COMRAM,rbss=COMRAM,rbit=COMRAM \
  -pfarbss=FARRAM,fardata=FARRAM,nvFARRAM=FARRAM \
  -pintsave_regs=BIGRAM,bigbss=BIGRAM,bigdata=BIGRAM -pbss=RAM \
  -pidata=CODE,irdata=CODE,ibigdata=CODE,ifardata=CODE -prparam=COMRAM \
  C:\Users\HP\AppData\Local\Temp\xcAs7us.\driver_tmp_9.o \
  dist/default/production\Black_Box_MC_Project.X.production.o 

Object code version is 3.11

Machine type is 18F4580



                Name                               Link     Load   Length Selector   Space Scale
C:\Users\HP\AppData\Local\Temp\xcAs7us.\driver_tmp_9.o
                idloc                            200000   200000        8        0       5
                config                           300000   300000        E        0       4
                init                                  E        E        4        4       0
                reset_vec                             0        0        4        0       0
dist/default/production\Black_Box_MC_Project.X.production.o
                intcode                               8        8        6        4       0
                idloc                            200000   200000        8        0       5
                config                           300000   300000        E        0       4
                temp                                 5C       5C        1        1       1
                mediumconst                        2E3C     2E3C      1C4     171E       0
                intcode_body                       26FC     26FC       46        4       0
                text44                             2884     2884       26        4       0
                text43                             27C0     27C0       3A        4       0
                text42                             240C     240C       6C        4       0
                text41                             1CE4     1CE4      114        4       0
                text40                             2176     2176       A4        4       0
                text39                             221A     221A       88        4       0
                text38                             2478     2478       6A        4       0
                text37                             2902     2902       18        4       0
                text36                             1F00     1F00      102        4       0
                text35                             296A     296A       12        4       0
                text34                             1DF8     1DF8      108        4       0
                text33                             2326     2326       76        4       0
                text32                             2958     2958       12        4       0
                text31                             29A8     29A8        8        4       0
                text30                             29A0     29A0        8        4       0
                text29                             297C     297C        C        4       0
                text28                             2742     2742       40        4       0
                text27                              748      748      6E0        4       0
                text26                             25AE     25AE       62        4       0
                text25                             2930     2930       16        4       0
                text24                             2610     2610       5E        4       0
                text23                             2998     2998        8        4       0
                text22                             2990     2990        8        4       0
                text21                             2988     2988        8        4       0
                text20                             285A     285A       2A        4       0
                text19                             1A4A     1A4A      14E        4       0
                text18                             2002     2002       C4        4       0
                text17                             20C6     20C6       B0        4       0
                text16                             2830     2830       2A        4       0
                text15                             28CA     28CA       1E        4       0
                text14                              E28      E28      63A        4       0
                text13                             1462     1462      396        4       0
                text12                               12       12      736        4       0
                text11                             22A2     22A2       84        4       0
                text10                             28AA     28AA       20        4       0
                text9                              27FA     27FA       36        4       0
                text8                              266E     266E       48        4       0
                text7                              291A     291A       16        4       0
                text6                              2946     2946       12        4       0
                text5                              2782     2782       3E        4       0
                text4                              28E8     28E8       1A        4       0
                text3                              26B6     26B6       46        4       0
                text2                              254A     254A       64        4       0
                text1                              17F8     17F8      252        4       0
                text0                              1B98     1B98      14C        4       0
                cstackCOMRAM                          1        1       4D        1       1
                cstackBANK0                          60       60       4E       60       1
                cstackBANK1                         100      100       79      100       1
                dataBANK1                           179      179       68      100       1
                bssBANK1                            1E1      1E1        9      100       1
                bssBANK0                             AE       AE        9       60       1
                dataCOMRAM                           59       59        3        1       1
                bssCOMRAM                            4E       4E        B        1       1
                cinit                              239C     239C       70        4       0
                idataBANK1                         24E2     24E2       68        4       0
                idataCOMRAM                        29B0     29B0        3        4       0

TOTAL           Name                               Link     Load   Length     Space
        CLASS   CODE           
                intcode                               8        8        6         0
                init                                  E        E        4         0
                reset_vec                             0        0        4         0
                intcode_body                       26FC     26FC       46         0
                text44                             2884     2884       26         0
                text43                             27C0     27C0       3A         0
                text42                             240C     240C       6C         0
                text41                             1CE4     1CE4      114         0
                text40                             2176     2176       A4         0
                text39                             221A     221A       88         0
                text38                             2478     2478       6A         0
                text37                             2902     2902       18         0
                text36                             1F00     1F00      102         0
                text35                             296A     296A       12         0
                text34                             1DF8     1DF8      108         0
                text33                             2326     2326       76         0
                text32                             2958     2958       12         0
                text31                             29A8     29A8        8         0
                text30                             29A0     29A0        8         0
                text29                             297C     297C        C         0
                text28                             2742     2742       40         0
                text27                              748      748      6E0         0
                text26                             25AE     25AE       62         0
                text25                             2930     2930       16         0
                text24                             2610     2610       5E         0
                text23                             2998     2998        8         0
                text22                             2990     2990        8         0
                text21                             2988     2988        8         0
                text20                             285A     285A       2A         0
                text19                             1A4A     1A4A      14E         0
                text18                             2002     2002       C4         0
                text17                             20C6     20C6       B0         0
                text16                             2830     2830       2A         0
                text15                             28CA     28CA       1E         0
                text14                              E28      E28      63A         0
                text13                             1462     1462      396         0
                text12                               12       12      736         0
                text11                             22A2     22A2       84         0
                text10                             28AA     28AA       20         0
                text9                              27FA     27FA       36         0
                text8                              266E     266E       48         0
                text7                              291A     291A       16         0
                text6                              2946     2946       12         0
                text5                              2782     2782       3E         0
                text4                              28E8     28E8       1A         0
                text3                              26B6     26B6       46         0
                text2                              254A     254A       64         0
                text1                              17F8     17F8      252         0
                text0                              1B98     1B98      14C         0
                cinit                              239C     239C       70         0
                idataBANK1                         24E2     24E2       68         0
                idataCOMRAM                        29B0     29B0        3         0

        CLASS   CONST          

        CLASS   SMALLCONST     

        CLASS   MEDIUMCONST    
                mediumconst                        2E3C     2E3C      1C4         0

        CLASS   COMRAM         
                temp                                 5C       5C        1         1
                cstackCOMRAM                          1        1       4D         1
                dataCOMRAM                           59       59        3         1
                bssCOMRAM                            4E       4E        B         1

        CLASS   ABS1           

        CLASS   BIGRAM         

        CLASS   RAM            

        CLASS   BANK0          
                cstackBANK0                          60       60       4E         1
                bssBANK0                             AE       AE        9         1

        CLASS   BANK1          
                cstackBANK1                         100      100       79         1
                dataBANK1                           179      179       68         1
                bssBANK1                            1E1      1E1        9         1

        CLASS   BANK2          

        CLASS   BANK3          

        CLASS   BANK4          

        CLASS   BANK5          

        CLASS   SFR            

        CLASS   BIGSFR         

        CLASS   CONFIG         
                config                           300000   300000        E         4

        CLASS   IDLOC          
                idloc                            200000   200000        8         5

        CLASS   EEDATA         

        CLASS   FARRAM         

        CLASS   HEAP           

        CLASS   STACK          



SEGMENTS        Name                           Load    Length   Top    Selector   Space  Class

                reset_vec                      000000  000004  000004         0       0  CODE    
                cstackCOMRAM                   000001  00005C  00005D         1       1  COMRAM  
                intcode                        000008  0029AB  0029B3         4       0  CODE    
                cstackBANK0                    000060  000057  0000B7        60       1  BANK0   
                cstackBANK1                    000100  0000EA  0001EA       100       1  BANK1   
                mediumconst                    002E3C  0001C4  003000      171E       0  MEDIUMCO


UNUSED ADDRESS RANGES

        Name                Unused          Largest block    Delta
        BANK0            0000B7-0000FF               49
        BANK1            0001EA-0001FF               16
        BANK2            000200-0002FF              100
        BANK3            000300-0003FF              100
        BANK4            000400-0004FF              100
        BANK5            000500-0005FF              100
        BIGRAM           00005D-00005F                3
                         0000B7-0000FF               49
                         0001EA-0005FF              416
        BIGSFR           000D00-000FFF              300
        CODE             000004-000007                4
                         0029B3-002E3B              489
                         003000-003000                1
        COMRAM           00005D-00005F                3
        CONST            000004-000007                4
                         0029B3-002E3B              489
                         003000-003000                1
        EEDATA           F00000-F000FF              100
        MEDIUMCONST      0029B3-002E3B              489
                         003000-003000                1
        RAM              0000B7-0000FF               49
                         0001EA-0005FF              100
        SFR              000D00-000FFF              100
        SMALLCONST       0029B3-002E3B              100
                         003000-003000                1

                                  Symbol Table

?___awdiv                    cstackCOMRAM 000001
?___awmod                    cstackCOMRAM 000001
?___lldiv                    cstackCOMRAM 00000D
?___llmod                    cstackCOMRAM 00001A
?___lmul                     cstackCOMRAM 000001
?___lwmod                    cstackCOMRAM 000001
?___wmul                     cstackCOMRAM 000001
?_read_adc                   cstackCOMRAM 000001
_ABDEN                       (abs)        007DC0
_ABDOVF                      (abs)        007DC7
_ACKSTAT                     (abs)        007E2E
_ACQT0                       (abs)        007E03
_ACQT1                       (abs)        007E04
_ACQT2                       (abs)        007E05
_ADCON0                      (abs)        000FC2
_ADCON1                      (abs)        000FC1
_ADCS0                       (abs)        007E00
_ADCS1                       (abs)        007E01
_ADCS2                       (abs)        007E02
_ADDEN                       (abs)        007D5B
_ADFM                        (abs)        007E07
_ADON                        (abs)        007E10
_ADRESH                      (abs)        000FC4
_ADRESL                      (abs)        000FC3
_BCLIF                       (abs)        007D0B
_BRG16                       (abs)        007DC3
_BRGH                        (abs)        007D62
_CKE                         (abs)        007E3E
_CREN                        (abs)        007D5C
_CSRC                        (abs)        007D67
_FERR                        (abs)        007D5A
_GO                          (abs)        007E11
_GODONE                      (abs)        007E11
_OERR                        (abs)        007D59
_PEN                         (abs)        007E2A
_PORTB                       (abs)        000F81
_PORTBbits                   (abs)        000F81
_PORTD                       (abs)        000F83
_RBPU                        (abs)        007F8F
_RC0                         (abs)        007C10
_RC1                         (abs)        007C11
_RC2                         (abs)        007C12
_RCEN                        (abs)        007E2B
_RCIDL                       (abs)        007DC6
_RCIE                        (abs)        007CED
_RCIF                        (abs)        007CF5
_RCREG                       (abs)        000FAE
_RD7                         (abs)        007C1F
_RSEN                        (abs)        007E29
_RX9                         (abs)        007D5E
_RX9D                        (abs)        007D58
_SCKP                        (abs)        007DC4
_SEN                         (abs)        007E28
_SENDB                       (abs)        007D63
_SMP                         (abs)        007E3F
_SPBRG                       (abs)        000FAF
_SPEN                        (abs)        007D5F
_SREN                        (abs)        007D5D
_SSPADD                      (abs)        000FC8
_SSPBUF                      (abs)        000FC9
_SSPCON1                     (abs)        000FC6
_SSPIF                       (abs)        007CF3
_SYNC                        (abs)        007D64
_T0CS                        (abs)        007EAD
_TMR0                        (abs)        000FD6
_TMR0IE                      (abs)        007F95
_TMR0IF                      (abs)        007F92
_TMR0ON                      (abs)        007EAF
_TRISB                       (abs)        000F93
_TRISC                       (abs)        000F94
_TRISC3                      (abs)        007CA3
_TRISC4                      (abs)        007CA4
_TRISC6                      (abs)        007CA6
_TRISC7                      (abs)        007CA7
_TRISD                       (abs)        000F95
_TRISD7                      (abs)        007CAF
_TRMT                        (abs)        007D61
_TX9                         (abs)        007D66
_TX9D                        (abs)        007D60
_TXEN                        (abs)        007D65
_TXIE                        (abs)        007CEC
_TXIF                        (abs)        007CF4
_TXREG                       (abs)        000FAD
_VCFG0                       (abs)        007E0C
_VCFG1                       (abs)        007E0D
_WUE                         (abs)        007DC1
__HRAM                       (abs)        000000
__H__absolute__              __absolute__ 000000
__Habs1                      abs1         000000
__Hbank0                     bank0        000000
__Hbank1                     bank1        000000
__Hbank2                     bank2        000000
__Hbank3                     bank3        000000
__Hbank4                     bank4        000000
__Hbank5                     bank5        000000
__Hbigbss                    bigbss       000000
__Hbigdata                   bigdata      000000
__Hbigram                    bigram       000000
__Hbigsfr                    bigsfr       000000
__Hbss                       bss          000000
__HbssBANK0                  bssBANK0     000000
__HbssBANK1                  bssBANK1     000000
__HbssCOMRAM                 bssCOMRAM    000000
__Hcinit                     cinit        000000
__Hclrtext                   clrtext      000000
__Hcomram                    comram       000000
__Hconfig                    config       30000E
__Hconst                     const        000000
__HcstackBANK0               cstackBANK0  000000
__HcstackBANK1               cstackBANK1  000000
__HcstackCOMRAM              cstackCOMRAM 000000
__Hdata                      data         000000
__HdataBANK1                 dataBANK1    000000
__HdataCOMRAM                dataCOMRAM   000000
__Heeprom_data               eeprom_data  000000
__Hfarbss                    farbss       000000
__Hfardata                   fardata      000000
__Hheap                      heap         000000
__Hibigdata                  ibigdata     000000
__Hidata                     idata        000000
__HidataBANK1                idataBANK1   000000
__HidataCOMRAM               idataCOMRAM  000000
__Hidloc                     idloc        200008
__Hifardata                  ifardata     000000
__Hinit                      init         000012
__Hintcode                   intcode      00000E
__Hintcode_body              intcode_body 000000
__Hintcodelo                 intcodelo    00000E
__Hintentry                  intentry     000000
__Hintret                    intret       000000
__Hintsave_regs              intsave_regs 000000
__Hirdata                    irdata       000000
__Hmediumconst               mediumconst  003000
__HnvFARRAM                  nvFARRAM     000000
__Hnvbit                     nvbit        000000
__Hnvrram                    nvrram       000000
__Hparam                     rparam       000000
__Hpowerup                   powerup      00000E
__Hram                       ram          000000
__Hramtop                    ramtop       000600
__Hrbit                      rbit         000000
__Hrbss                      rbss         000000
__Hrdata                     rdata        000000
__Hreset_vec                 reset_vec    000004
__Hrparam                    rparam       000000
__Hsfr                       sfr          000000
__Hsmallconst                smallconst   000000
__Hspace_0                   (abs)        003000
__Hspace_1                   (abs)        0001EA
__Hspace_2                   (abs)        000000
__Hspace_4                   (abs)        60000E
__Hstack                     stack        000000
__Hstruct                    struct       000000
__Htemp                      temp         00005D
__Htext                      text         000000
__Htext0                     text0        000000
__Htext1                     text1        000000
__Htext10                    text10       000000
__Htext11                    text11       000000
__Htext12                    text12       000000
__Htext13                    text13       000000
__Htext14                    text14       000000
__Htext15                    text15       000000
__Htext16                    text16       000000
__Htext17                    text17       000000
__Htext18                    text18       000000
__Htext19                    text19       000000
__Htext2                     text2        000000
__Htext20                    text20       000000
__Htext21                    text21       000000
__Htext22                    text22       000000
__Htext23                    text23       000000
__Htext24                    text24       000000
__Htext25                    text25       000000
__Htext26                    text26       000000
__Htext27                    text27       000000
__Htext28                    text28       000000
__Htext29                    text29       000000
__Htext3                     text3        000000
__Htext30                    text30       000000
__Htext31                    text31       000000
__Htext32                    text32       000000
__Htext33                    text33       000000
__Htext34                    text34       000000
__Htext35                    text35       000000
__Htext36                    text36       000000
__Htext37                    text37       000000
__Htext38                    text38       000000
__Htext39                    text39       000000
__Htext4                     text4        000000
__Htext40                    text40       000000
__Htext41                    text41       000000
__Htext42                    text42       000000
__Htext43                    text43       000000
__Htext44                    text44       000000
__Htext5                     text5        000000
__Htext6                     text6        000000
__Htext7                     text7        000000
__Htext8                     text8        000000
__Htext9                     text9        000000
__LRAM                       (abs)        000001
__L__absolute__              __absolute__ 000000
__Labs1                      abs1         000000
__Lbank0                     bank0        000000
__Lbank1                     bank1        000000
__Lbank2                     bank2        000000
__Lbank3                     bank3        000000
__Lbank4                     bank4        000000
__Lbank5                     bank5        000000
__Lbigbss                    bigbss       000000
__Lbigdata                   bigdata      000000
__Lbigram                    bigram       000000
__Lbigsfr                    bigsfr       000000
__Lbss                       bss          000000
__LbssBANK0                  bssBANK0     000000
__LbssBANK1                  bssBANK1     000000
__LbssCOMRAM                 bssCOMRAM    000000
__Lcinit                     cinit        000000
__Lclrtext                   clrtext      000000
__Lcomram                    comram       000000
__Lconfig                    config       000000
__Lconst                     const        000000
__LcstackBANK0               cstackBANK0  000000
__LcstackBANK1               cstackBANK1  000000
__LcstackCOMRAM              cstackCOMRAM 000000
__Ldata                      data         000000
__LdataBANK1                 dataBANK1    000000
__LdataCOMRAM                dataCOMRAM   000000
__Leeprom_data               eeprom_data  000000
__Lfarbss                    farbss       000000
__Lfardata                   fardata      000000
__Lheap                      heap         000000
__Libigdata                  ibigdata     000000
__Lidata                     idata        000000
__LidataBANK1                idataBANK1   000000
__LidataCOMRAM               idataCOMRAM  000000
__Lidloc                     idloc        000000
__Lifardata                  ifardata     000000
__Linit                      init         00000E
__Lintcode                   intcode      000008
__Lintcode_body              intcode_body 000000
__Lintcodelo                 intcodelo    00000E
__Lintentry                  intentry     000000
__Lintret                    intret       000000
__Lintsave_regs              intsave_regs 000000
__Lirdata                    irdata       000000
__Lmediumconst               mediumconst  002E3C
__LnvFARRAM                  nvFARRAM     000000
__Lnvbit                     nvbit        000000
__Lnvrram                    nvrram       000000
__Lparam                     rparam       000000
__Lpowerup                   powerup      00000E
__Lram                       ram          000000
__Lramtop                    ramtop       000600
__Lrbit                      rbit         000000
__Lrbss                      rbss         000000
__Lrdata                     rdata        000000
__Lreset_vec                 reset_vec    000000
__Lrparam                    rparam       000000
__Lsfr                       sfr          000000
__Lsmallconst                smallconst   000000
__Lspace_0                   (abs)        000000
__Lspace_1                   (abs)        000000
__Lspace_2                   (abs)        000000
__Lspace_4                   (abs)        000000
__Lstack                     stack        000000
__Lstruct                    struct       000000
__Ltemp                      temp         00005C
__Ltext                      text         000000
__Ltext0                     text0        000000
__Ltext1                     text1        000000
__Ltext10                    text10       000000
__Ltext11                    text11       000000
__Ltext12                    text12       000000
__Ltext13                    text13       000000
__Ltext14                    text14       000000
__Ltext15                    text15       000000
__Ltext16                    text16       000000
__Ltext17                    text17       000000
__Ltext18                    text18       000000
__Ltext19                    text19       000000
__Ltext2                     text2        000000
__Ltext20                    text20       000000
__Ltext21                    text21       000000
__Ltext22                    text22       000000
__Ltext23                    text23       000000
__Ltext24                    text24       000000
__Ltext25                    text25       000000
__Ltext26                    text26       000000
__Ltext27                    text27       000000
__Ltext28                    text28       000000
__Ltext29                    text29       000000
__Ltext3                     text3        000000
__Ltext30                    text30       000000
__Ltext31                    text31       000000
__Ltext32                    text32       000000
__Ltext33                    text33       000000
__Ltext34                    text34       000000
__Ltext35                    text35       000000
__Ltext36                    text36       000000
__Ltext37                    text37       000000
__Ltext38                    text38       000000
__Ltext39                    text39       000000
__Ltext4                     text4        000000
__Ltext40                    text40       000000
__Ltext41                    text41       000000
__Ltext42                    text42       000000
__Ltext43                    text43       000000
__Ltext44                    text44       000000
__Ltext5                     text5        000000
__Ltext6                     text6        000000
__Ltext7                     text7        000000
__Ltext8                     text8        000000
__Ltext9                     text9        000000
__S0                         (abs)        003000
__S1                         (abs)        0001EA
__S4                         (abs)        000000
__S5                         (abs)        000000
___awdiv                     text18       002002
___awdiv@counter             cstackCOMRAM 000005
___awdiv@dividend            cstackCOMRAM 000001
___awdiv@divisor             cstackCOMRAM 000003
___awdiv@quotient            cstackCOMRAM 000007
___awdiv@sign                cstackCOMRAM 000006
___awmod                     text17       0020C6
___awmod@counter             cstackCOMRAM 000005
___awmod@dividend            cstackCOMRAM 000001
___awmod@divisor             cstackCOMRAM 000003
___awmod@sign                cstackCOMRAM 000006
___heap_hi                   (abs)        000000
___heap_lo                   (abs)        000000
___inthi_sp                  stack        000000
___intlo_sp                  stack        000000
___lldiv                     text40       002176
___lldiv@counter             cstackCOMRAM 000019
___lldiv@dividend            cstackCOMRAM 00000D
___lldiv@divisor             cstackCOMRAM 000011
___lldiv@quotient            cstackCOMRAM 000015
___llmod                     text39       00221A
___llmod@counter             cstackCOMRAM 000022
___llmod@dividend            cstackCOMRAM 00001A
___llmod@divisor             cstackCOMRAM 00001E
___lmul                      text38       002478
___lmul@multiplicand         cstackCOMRAM 000005
___lmul@multiplier           cstackCOMRAM 000001
___lmul@product              cstackCOMRAM 000009
___lwmod                     text2        00254A
___lwmod@counter             cstackCOMRAM 000005
___lwmod@dividend            cstackCOMRAM 000001
___lwmod@divisor             cstackCOMRAM 000003
___param_bank                (abs)        000000
___rparam_used               (abs)        000001
___sp                        stack        000000
___wmul                      text44       002884
___wmul@multiplicand         cstackCOMRAM 000003
___wmul@multiplier           cstackCOMRAM 000001
___wmul@product              cstackCOMRAM 000005
__accesstop                  (abs)        000060
__activetblptr               (abs)        000002
__end_of___awdiv             text18       0020C6
__end_of___awmod             text17       002176
__end_of___lldiv             text40       00221A
__end_of___llmod             text39       0022A2
__end_of___lmul              text38       0024E2
__end_of___lwmod             text2        0025AE
__end_of___wmul              text44       0028AA
__end_of__initialization     cinit        0023FE
__end_of_change_password     text27       000E28
__end_of_clcd_print          text42       002478
__end_of_clcd_putch          text37       00291A
__end_of_clcd_write          text43       0027FA
__end_of_clear_log           text26       002610
__end_of_display_gear        text41       001DF8
__end_of_display_speed       text36       002002
__end_of_display_time        text35       00297C
__end_of_download_log        text19       001B98
__end_of_enter_menu          text12       000748
__end_of_get_time            text11       002326
__end_of_i2c_idle            text32       00296A
__end_of_i2c_read            text22       002998
__end_of_i2c_rep_start       text21       002990
__end_of_i2c_rx_mode         text23       0029A0
__end_of_i2c_start           text31       0029B0
__end_of_i2c_stop            text30       0029A8
__end_of_i2c_write           text29       002988
__end_of_init_adc            text10       0028CA
__end_of_init_clcd           text9        002830
__end_of_init_config         text4        002902
__end_of_init_ds1307         text8        0026B6
__end_of_init_i2c            text7        002930
__end_of_init_matrix_keypad  text6        002958
__end_of_init_uart           text5        0027C0
__end_of_isr                 intcode_body 002742
__end_of_main                text0        001CE4
__end_of_putch               text25       002946
__end_of_puts                text24       00266E
__end_of_read_adc            text3        0026FC
__end_of_read_ds1307         text16       00285A
__end_of_read_eeprom         text20       002884
__end_of_read_switches       text33       00239C
__end_of_scan_key            text34       001F00
__end_of_set_time            text14       001462
__end_of_store_eeprom        text1        001A4A
__end_of_view_log            text13       0017F8
__end_of_write_ds1307        text15       0028E8
__end_of_write_eeprom        text28       002782
__initialization             cinit        00239C
__mediumconst                mediumconst  002E3C
__pbssBANK0                  bssBANK0     0000AE
__pbssBANK1                  bssBANK1     0001E1
__pbssCOMRAM                 bssCOMRAM    00004E
__pcinit                     cinit        00239C
__pcstackBANK0               cstackBANK0  000060
__pcstackBANK1               cstackBANK1  000100
__pcstackCOMRAM              cstackCOMRAM 000001
__pdataBANK1                 dataBANK1    000179
__pdataCOMRAM                dataCOMRAM   000059
__pidataBANK1                idataBANK1   0024E2
__pidataCOMRAM               idataCOMRAM  0029B0
__pintcode                   intcode      000008
__pintcode_body              intcode_body 0026FC
__pmediumconst               mediumconst  002E3C
__ptext0                     text0        001B98
__ptext1                     text1        0017F8
__ptext10                    text10       0028AA
__ptext11                    text11       0022A2
__ptext12                    text12       000012
__ptext13                    text13       001462
__ptext14                    text14       000E28
__ptext15                    text15       0028CA
__ptext16                    text16       002830
__ptext17                    text17       0020C6
__ptext18                    text18       002002
__ptext19                    text19       001A4A
__ptext2                     text2        00254A
__ptext20                    text20       00285A
__ptext21                    text21       002988
__ptext22                    text22       002990
__ptext23                    text23       002998
__ptext24                    text24       002610
__ptext25                    text25       002930
__ptext26                    text26       0025AE
__ptext27                    text27       000748
__ptext28                    text28       002742
__ptext29                    text29       00297C
__ptext3                     text3        0026B6
__ptext30                    text30       0029A0
__ptext31                    text31       0029A8
__ptext32                    text32       002958
__ptext33                    text33       002326
__ptext34                    text34       001DF8
__ptext35                    text35       00296A
__ptext36                    text36       001F00
__ptext37                    text37       002902
__ptext38                    text38       002478
__ptext39                    text39       00221A
__ptext4                     text4        0028E8
__ptext40                    text40       002176
__ptext41                    text41       001CE4
__ptext42                    text42       00240C
__ptext43                    text43       0027C0
__ptext44                    text44       002884
__ptext5                     text5        002782
__ptext6                     text6        002946
__ptext7                     text7        00291A
__ptext8                     text8        00266E
__ptext9                     text9        0027FA
__ramtop                     ramtop       000600
__smallconst                 smallconst   000000
_address                     bssCOMRAM    000058
_arr                         bssBANK1     0001E1
_change_password             text27       000748
_clcd_print                  text42       00240C
_clcd_putch                  text37       002902
_clcd_write                  text43       0027C0
_clear_log                   text26       0025AE
_clock_reg                   bssCOMRAM    00004E
_display_gear                text41       001CE4
_display_speed               text36       001F00
_display_speed$1190          cstackCOMRAM 000029
_display_time                text35       00296A
_download_log                text19       001A4A
_enter_menu                  text12       000012
_event                       bssCOMRAM    000053
_fl0                         bssCOMRAM    000051
_gear                        dataBANK1    0001C9
_get_time                    text11       0022A2
_i2c_idle                    text32       002958
_i2c_read                    text22       002990
_i2c_rep_start               text21       002988
_i2c_rx_mode                 text23       002998
_i2c_start                   text31       0029A8
_i2c_stop                    text30       0029A0
_i2c_write                   text29       00297C
_index                       dataCOMRAM   000059
_init_adc                    text10       0028AA
_init_clcd                   text9        0027FA
_init_config                 text4        0028E8
_init_ds1307                 text8        00266E
_init_i2c                    text7        00291A
_init_matrix_keypad          text6        002946
_init_uart                   text5        002782
_isr                         intcode      000008
_main                        text0        001B98
_pass                        bssBANK1     0001E5
_pass_key                    bssBANK1     0001E9
_putch                       text25       002930
_puts                        text24       002610
_read_adc                    text3        0026B6
_read_ds1307                 text16       002830
_read_eeprom                 text20       00285A
_read_switches               text33       002326
_scan_key                    text34       001DF8
_set_time                    text14       000E28
_store_eeprom                text1        0017F8
_store_eeprom$1191           cstackCOMRAM 00002D
_time                        bssBANK0     0000AE
_view_log                    text13       001462
_write_ds1307                text15       0028CA
_write_eeprom                text28       002742
btemp                        temp         00005C
change_password@arr1         cstackBANK0  000072
change_password@arr4         cstackBANK0  000076
change_password@arr5         cstackBANK0  000088
change_password@blink1       cstackBANK0  000094
change_password@blink2       cstackBANK0  000098
change_password@blink3       cstackBANK0  000090
change_password@cn_flag      cstackBANK0  00008C
change_password@count10      cstackBANK0  000084
change_password@count20      cstackBANK0  00006A
change_password@count30      cstackBANK0  000080
change_password@delay4       cstackBANK0  000086
change_password@delay5       cstackBANK0  00006C
change_password@delay6       cstackBANK0  00009C
change_password@h            cstackBANK0  0000AA
change_password@i1           cstackBANK0  0000A2
change_password@i2           cstackBANK0  00007E
change_password@i3           cstackBANK0  0000A6
change_password@input1       cstackBANK0  000068
change_password@k10          cstackBANK0  000082
change_password@k20          cstackBANK0  000070
change_password@k30          cstackBANK0  00006E
change_password@l            cstackBANK0  00007A
change_password@len1         cstackBANK0  0000A8
change_password@len2         cstackBANK0  0000AC
change_password@len3         cstackBANK0  0000A4
change_password@pass_key1    cstackBANK0  000092
change_password@pass_key2    cstackBANK0  000096
change_password@pass_key3    cstackBANK0  00008E
change_password@pos1         cstackBANK0  00009E
change_password@pos2         cstackBANK0  0000A0
change_password@pos3         cstackBANK0  00009A
change_password@s_delay      cstackBANK0  000064
change_password@ti6          cstackBANK0  000060
clcd_print@addr              cstackCOMRAM 000009
clcd_print@data              cstackCOMRAM 000007
clcd_putch@addr              cstackCOMRAM 000023
clcd_putch@data              cstackCOMRAM 000024
clcd_write@byte              cstackCOMRAM 000002
clcd_write@control_bit       cstackCOMRAM 000001
clear_log@ti3                cstackCOMRAM 00000A
display_gear@key             cstackCOMRAM 00000A
display_speed@adc_val        cstackCOMRAM 000025
download_log@addr2           cstackCOMRAM 00001E
download_log@data            cstackCOMRAM 00000A
download_log@i               cstackCOMRAM 000020
download_log@j               cstackCOMRAM 000022
download_log@ti4             cstackCOMRAM 00001A
end_of_initialization        cinit        0023FE
enter_menu@F78               dataBANK1    000179
enter_menu@b                 cstackBANK1  00016E
enter_menu@blink             cstackBANK1  00016A
enter_menu@count             cstackBANK1  000163
enter_menu@count1            cstackBANK1  000178
enter_menu@delay             cstackBANK1  000154
enter_menu@delay0            cstackBANK1  000171
enter_menu@delay1            cstackBANK1  00015D
enter_menu@fl02              cstackBANK1  000177
enter_menu@fl021             cstackBANK1  000167
enter_menu@fl022             cstackBANK1  000168
enter_menu@fl03              cstackBANK1  000158
enter_menu@goback            cstackBANK1  000165
enter_menu@i                 cstackBANK1  00016F
enter_menu@input             cstackBANK1  00015F
enter_menu@k                 cstackBANK1  000156
enter_menu@len               cstackBANK1  000175
enter_menu@long_key          cstackBANK1  000169
enter_menu@menu              cstackBANK1  000100
enter_menu@pos               cstackBANK1  00016C
enter_menu@ti0               cstackBANK1  000173
enter_menu@ti1               cstackBANK1  000150
enter_menu@tr                cstackBANK1  000161
enter_menu@u                 cstackBANK1  000159
i2c_write@data               cstackCOMRAM 000001
init_ds1307@dummy            cstackCOMRAM 000004
int$flags                    temp         00005C
int_func                     intcode_body 0026FC
intlevel0                    text         000000
intlevel1                    text         000000
intlevel2                    text         000000
intlevel3                    text         000000
isa$std                      (abs)        000001
isa$xinst                    (abs)        000000
isr@count                    bssCOMRAM    000055
main@adc_val                 cstackCOMRAM 000047
main@flag                    cstackCOMRAM 00004B
main@key                     cstackCOMRAM 00004D
main@once                    cstackCOMRAM 00004C
putch@byte                   cstackCOMRAM 000001
puts@s                       cstackCOMRAM 000002
read_adc@channel             cstackCOMRAM 000007
read_adc@reg_val             cstackCOMRAM 000005
read_ds1307@address          cstackCOMRAM 000002
read_ds1307@data             cstackCOMRAM 000003
read_eeprom@address          cstackCOMRAM 000002
read_eeprom@data             cstackCOMRAM 000003
read_switches@detection_type cstackCOMRAM 000001
read_switches@key            bssCOMRAM    000057
read_switches@once           dataCOMRAM   00005B
set_time@bcd_hr              cstackCOMRAM 00003E
set_time@bcd_min             cstackCOMRAM 000040
set_time@bcd_sec             cstackCOMRAM 00003F
set_time@field               cstackCOMRAM 000044
set_time@hr                  cstackCOMRAM 000043
set_time@k2                  cstackCOMRAM 000029
set_time@min                 cstackCOMRAM 000042
set_time@sec                 cstackCOMRAM 000041
set_time@ti5                 cstackCOMRAM 000036
set_time@ti51                cstackCOMRAM 00003A
set_time@wait                cstackCOMRAM 00002A
set_time@wait1               cstackCOMRAM 00002E
set_time@wait2               cstackCOMRAM 000032
stackhi                      (abs)        000000
stacklo                      (abs)        000000
start                        init         00000E
start_initialization         cinit        00239C
store_eeprom@adc_val         cstackCOMRAM 000027
store_eeprom@i               cstackCOMRAM 000032
store_eeprom@i_202           cstackCOMRAM 000034
store_eeprom@key             cstackCOMRAM 000031
ttemp5                       temp         00005D
ttemp6                       temp         000060
ttemp7                       temp         000064
view_log@addr1               cstackCOMRAM 000037
view_log@i                   cstackCOMRAM 00002A
view_log@i_403               cstackCOMRAM 00002C
view_log@key1                cstackCOMRAM 000029
view_log@pos                 cstackCOMRAM 000032
view_log@ti2                 cstackCOMRAM 000033
view_log@ti21                cstackCOMRAM 00002E
write_ds1307@address         cstackCOMRAM 000003
write_ds1307@data            cstackCOMRAM 000002
write_eeprom@addr            cstackCOMRAM 000026
write_eeprom@data            cstackCOMRAM 000023
write_eeprom@i               cstackCOMRAM 000024
wtemp8                       temp         00005D


MODULE INFORMATION

Module		Function		Class		Link	Load	Size
C:\Program Files\Microchip\xc8\v2.41\pic\sources\c99\common\awmod.c
		___awmod       		CODE           	20C6	0000	176

C:\Program Files\Microchip\xc8\v2.41\pic\sources\c99\common\awmod.c estimated size: 176

C:\Program Files\Microchip\xc8\v2.41\pic\sources\c99\common\llmod.c
		___llmod       		CODE           	221A	0000	136

C:\Program Files\Microchip\xc8\v2.41\pic\sources\c99\common\llmod.c estimated size: 136

C:\Program Files\Microchip\xc8\v2.41\pic\sources\c99\common\Umul32.c
		___lmul        		CODE           	2478	0000	106

C:\Program Files\Microchip\xc8\v2.41\pic\sources\c99\common\Umul32.c estimated size: 106

matrix_keypad.c
		_init_matrix_keypad		CODE           	2946	0000	18
		_read_switches 		CODE           	2326	0000	118
		_scan_key      		CODE           	1DF8	0000	264

matrix_keypad.c estimated size: 400

uart.c
		_putch         		CODE           	2930	0000	22
		_init_uart     		CODE           	2782	0000	62
		_puts          		CODE           	2610	0000	94

uart.c estimated size: 178

C:\Program Files\Microchip\xc8\v2.41\pic\sources\c99\common\__lldiv.c
		___lldiv       		CODE           	2176	0000	164

C:\Program Files\Microchip\xc8\v2.41\pic\sources\c99\common\__lldiv.c estimated size: 164

i2c.c
		_i2c_start     		CODE           	29A8	0000	8
		_i2c_rep_start 		CODE           	2988	0000	8
		_i2c_idle      		CODE           	2958	0000	18
		_i2c_write     		CODE           	297C	0000	12
		_i2c_stop      		CODE           	29A0	0000	8
		_i2c_read      		CODE           	2990	0000	8
		_init_i2c      		CODE           	291A	0000	22
		_i2c_rx_mode   		CODE           	2998	0000	8

i2c.c estimated size: 92

C:\Program Files\Microchip\xc8\v2.41\pic\sources\c99\common\awdiv.c
		___awdiv       		CODE           	2002	0000	196

C:\Program Files\Microchip\xc8\v2.41\pic\sources\c99\common\awdiv.c estimated size: 196

ds1307.c
		_read_ds1307   		CODE           	2830	0000	42
		_write_ds1307  		CODE           	28CA	0000	30
		_init_ds1307   		CODE           	266E	0000	72

ds1307.c estimated size: 144

eeprom.c
		_read_eeprom   		CODE           	285A	0000	42
		_write_eeprom  		CODE           	2742	0000	64

eeprom.c estimated size: 106

adc.c
		_init_adc      		CODE           	28AA	0000	32
		_read_adc      		CODE           	26B6	0000	70

adc.c estimated size: 102

isr.c
		_isr           		CODE           	0008	0000	76

isr.c estimated size: 76

shared
		__initialization		CODE           	239C	0000	98

shared estimated size: 98

clcd.c
		_clcd_write    		CODE           	27C0	0000	58
		_clcd_print    		CODE           	240C	0000	108
		_clcd_putch    		CODE           	2902	0000	24
		_init_clcd     		CODE           	27FA	0000	54

clcd.c estimated size: 244

menu.c
		_view_log      		CODE           	1462	0000	918
		_change_password		CODE           	0748	0000	1760
		_enter_menu    		CODE           	0012	0000	1846
		_download_log  		CODE           	1A4A	0000	334
		_set_time      		CODE           	0E28	0000	1594
		_clear_log     		CODE           	25AE	0000	98

menu.c estimated size: 6550

C:\Program Files\Microchip\xc8\v2.41\pic\sources\c99\common\Umul16.c
		___wmul        		CODE           	2884	0000	38

C:\Program Files\Microchip\xc8\v2.41\pic\sources\c99\common\Umul16.c estimated size: 38

main.c
		_display_time  		CODE           	296A	0000	18
		_display_gear  		CODE           	1CE4	0000	276
		_main          		CODE           	1B98	0000	332
		_display_speed 		CODE           	1F00	0000	258
		_get_time      		CODE           	22A2	0000	132
		_init_config   		CODE           	28E8	0000	26
		_store_eeprom  		CODE           	17F8	0000	594

main.c estimated size: 1636

C:\Program Files\Microchip\xc8\v2.41\pic\sources\c99\common\lwmod.c
		___lwmod       		CODE           	254A	0000	100

C:\Program Files\Microchip\xc8\v2.41\pic\sources\c99\common\lwmod.c estimated size: 100

